
cris3@LAPTOP-SN96MJAV MINGW64 ~/dev
$ git clone https://github.com/jmarcoshow/teste.github.git
Cloning into 'teste.github'...
remote: Enumerating objects: 3, done.
remote: Counting objects: 100% (3/3), done.
remote: Total 3 (delta 0), reused 0 (delta 0), pack-reused 0
Receiving objects: 100% (3/3), done.

cris3@LAPTOP-SN96MJAV MINGW64 ~/dev
$ ls
teste.github/

cris3@LAPTOP-SN96MJAV MINGW64 ~/dev
$ cd teste.github/

cris3@LAPTOP-SN96MJAV MINGW64 ~/dev/teste.github (main)
$ ls
README.md

cris3@LAPTOP-SN96MJAV MINGW64 ~/dev/teste.github (main)
$ git status
On branch main
Your branch is up to date with 'origin/main'.

nothing to commit, working tree clean

cris3@LAPTOP-SN96MJAV MINGW64 ~/dev/teste.github (main)
$

cris3@LAPTOP-SN96MJAV MINGW64 ~/dev/teste.github (main)
$ ls
README.md  projeto.txt

cris3@LAPTOP-SN96MJAV MINGW64 ~/dev/teste.github (main)
$ git status
On branch main
Your branch is up to date with 'origin/main'.

Untracked files:
  (use "git add <file>..." to include in what will be committed)
        projeto.txt

nothing added to commit but untracked files present (use "git add" to track)

cris3@LAPTOP-SN96MJAV MINGW64 ~/dev/teste.github (main)
$ ls -a
./  ../  .git/  README.md  projeto.txt

cris3@LAPTOP-SN96MJAV MINGW64 ~/dev/teste.github (main)
$ git add .

cris3@LAPTOP-SN96MJAV MINGW64 ~/dev/teste.github (main)
$ git status
On branch main
Your branch is up to date with 'origin/main'.

Changes to be committed:
  (use "git restore --staged <file>..." to unstage)
        new file:   projeto.txt


cris3@LAPTOP-SN96MJAV MINGW64 ~/dev/teste.github (main)
$ git commit -m "adicionar bloco de notas"
[main 014f0be] adicionar bloco de notas
 1 file changed, 1 insertion(+)
 create mode 100644 projeto.txt

cris3@LAPTOP-SN96MJAV MINGW64 ~/dev/teste.github (main)
$ git status
On branch main
Your branch is ahead of 'origin/main' by 1 commit.
  (use "git push" to publish your local commits)

nothing to commit, working tree clean

cris3@LAPTOP-SN96MJAV MINGW64 ~/dev/teste.github (main)
$ git push origin main
gEnumerating objects: 4, done.
Counting objects: 100% (4/4), done.
Delta compression using up to 8 threads
Compressing objects: 100% (2/2), done.
Writing objects: 100% (3/3), 313 bytes | 4.00 KiB/s, done.
Total 3 (delta 0), reused 0 (delta 0), pack-reused 0
To https://github.com/jmarcoshow/teste.github.git
   669b6d5..014f0be  main -> main

cris3@LAPTOP-SN96MJAV MINGW64 ~/dev/teste.github (main)
$
